2026-08-21 16:58:02,227 [INFO] 开始抓取 Beijing 的天气数据...
2026-08-21 16:58:02,507 [WARNING] [Beijing] 第 1/3 次请求失败：HTTPSConnectionPool(host='api.open-meteo.com', port=443): Max retries exceeded with url: /v1/forecast?latitude=39.9042&longitude=116.4074&hourly=temperature_2m%2Crelative_humidity_2m%2Cprecipitation%2Cwind_speed_10m%2Cweather_code&timezone=auto&forecast_days=3 (Caused by SSLError(SSLEOFError(8, '[SSL: UNEXPECTED_EOF_WHILE_READING] EOF occurred in violation of protocol (_ssl.c:1000)')))
2026-08-21 16:58:02,820 [WARNING] [Beijing] 第 2/3 次请求失败：HTTPSConnectionPool(host='api.open-meteo.com', port=443): Max retries exceeded with url: /v1/forecast?latitude=39.9042&longitude=116.4074&hourly=temperature_2m%2Crelative_humidity_2m%2Cprecipitation%2Cwind_speed_10m%2Cweather_code&timezone=auto&forecast_days=3 (Caused by SSLError(SSLEOFError(8, '[SSL: UNEXPECTED_EOF_WHILE_READING] EOF occurred in violation of protocol (_ssl.c:1000)')))
2026-08-21 16:58:03,070 [WARNING] [Beijing] 第 3/3 次请求失败：HTTPSConnectionPool(host='api.open-meteo.com', port=443): Max retries exceeded with url: /v1/forecast?latitude=39.9042&longitude=116.4074&hourly=temperature_2m%2Crelative_humidity_2m%2Cprecipitation%2Cwind_speed_10m%2Cweather_code&timezone=auto&forecast_days=3 (Caused by SSLError(SSLEOFError(8, '[SSL: UNEXPECTED_EOF_WHILE_READING] EOF occurred in violation of protocol (_ssl.c:1000)')))
2026-08-21 16:58:03,070 [ERROR] [Beijing] 请求最终失败，跳过该城市：HTTPSConnectionPool(host='api.open-meteo.com', port=443): Max retries exceeded with url: /v1/forecast?latitude=39.9042&longitude=116.4074&hourly=temperature_2m%2Crelative_humidity_2m%2Cprecipitation%2Cwind_speed_10m%2Cweather_code&timezone=auto&forecast_days=3 (Caused by SSLError(SSLEOFError(8, '[SSL: UNEXPECTED_EOF_WHILE_READING] EOF occurred in violation of protocol (_ssl.c:1000)')))
2026-08-21 16:58:03,070 [INFO] Beijing：获取 0 条，新写入 0 条（重复的已自动跳过）
2026-08-21 16:58:03,070 [INFO] 开始抓取 Shanghai 的天气数据...
2026-08-21 16:58:03,415 [WARNING] [Shanghai] 第 1/3 次请求失败：HTTPSConnectionPool(host='api.open-meteo.com', port=443): Max retries exceeded with url: /v1/forecast?latitude=31.2304&longitude=121.4737&hourly=temperature_2m%2Crelative_humidity_2m%2Cprecipitation%2Cwind_speed_10m%2Cweather_code&timezone=auto&forecast_days=3 (Caused by SSLError(SSLEOFError(8, '[SSL: UNEXPECTED_EOF_WHILE_READING] EOF occurred in violation of protocol (_ssl.c:1000)')))
2026-08-21 16:58:03,714 [WARNING] [Shanghai] 第 2/3 次请求失败：HTTPSConnectionPool(host='api.open-meteo.com', port=443): Max retries exceeded with url: /v1/forecast?latitude=31.2304&longitude=121.4737&hourly=temperature_2m%2Crelative_humidity_2m%2Cprecipitation%2Cwind_speed_10m%2Cweather_code&timezone=auto&forecast_days=3 (Caused by SSLError(SSLEOFError(8, '[SSL: UNEXPECTED_EOF_WHILE_READING] EOF occurred in violation of protocol (_ssl.c:1000)')))
2026-08-21 16:58:04,000 [WARNING] [Shanghai] 第 3/3 次请求失败：HTTPSConnectionPool(host='api.open-meteo.com', port=443): Max retries exceeded with url: /v1/forecast?latitude=31.2304&longitude=121.4737&hourly=temperature_2m%2Crelative_humidity_2m%2Cprecipitation%2Cwind_speed_10m%2Cweather_code&timezone=auto&forecast_days=3 (Caused by SSLError(SSLEOFError(8, '[SSL: UNEXPECTED_EOF_WHILE_READING] EOF occurred in violation of protocol (_ssl.c:1000)')))
2026-08-21 16:58:04,000 [ERROR] [Shanghai] 请求最终失败，跳过该城市：HTTPSConnectionPool(host='api.open-meteo.com', port=443): Max retries exceeded with url: /v1/forecast?latitude=31.2304&longitude=121.4737&hourly=temperature_2m%2Crelative_humidity_2m%2Cprecipitation%2Cwind_speed_10m%2Cweather_code&timezone=auto&forecast_days=3 (Caused by SSLError(SSLEOFError(8, '[SSL: UNEXPECTED_EOF_WHILE_READING] EOF occurred in violation of protocol (_ssl.c:1000)')))
2026-08-21 16:58:04,000 [INFO] Shanghai：获取 0 条，新写入 0 条（重复的已自动跳过）
2026-08-21 16:58:04,000 [INFO] 开始抓取 Guangzhou 的天气数据...
2026-08-21 16:58:04,384 [WARNING] [Guangzhou] 第 1/3 次请求失败：HTTPSConnectionPool(host='api.open-meteo.com', port=443): Max retries exceeded with url: /v1/forecast?latitude=23.1291&longitude=113.2644&hourly=temperature_2m%2Crelative_humidity_2m%2Cprecipitation%2Cwind_speed_10m%2Cweather_code&timezone=auto&forecast_days=3 (Caused by SSLError(SSLEOFError(8, '[SSL: UNEXPECTED_EOF_WHILE_READING] EOF occurred in violation of protocol (_ssl.c:1000)')))
2026-08-21 16:58:04,625 [WARNING] [Guangzhou] 第 2/3 次请求失败：HTTPSConnectionPool(host='api.open-meteo.com', port=443): Max retries exceeded with url: /v1/forecast?latitude=23.1291&longitude=113.2644&hourly=temperature_2m%2Crelative_humidity_2m%2Cprecipitation%2Cwind_speed_10m%2Cweather_code&timezone=auto&forecast_days=3 (Caused by SSLError(SSLEOFError(8, '[SSL: UNEXPECTED_EOF_WHILE_READING] EOF occurred in violation of protocol (_ssl.c:1000)')))
2026-08-21 16:58:04,893 [WARNING] [Guangzhou] 第 3/3 次请求失败：HTTPSConnectionPool(host='api.open-meteo.com', port=443): Max retries exceeded with url: /v1/forecast?latitude=23.1291&longitude=113.2644&hourly=temperature_2m%2Crelative_humidity_2m%2Cprecipitation%2Cwind_speed_10m%2Cweather_code&timezone=auto&forecast_days=3 (Caused by SSLError(SSLEOFError(8, '[SSL: UNEXPECTED_EOF_WHILE_READING] EOF occurred in violation of protocol (_ssl.c:1000)')))
2026-08-21 16:58:04,893 [ERROR] [Guangzhou] 请求最终失败，跳过该城市：HTTPSConnectionPool(host='api.open-meteo.com', port=443): Max retries exceeded with url: /v1/forecast?latitude=23.1291&longitude=113.2644&hourly=temperature_2m%2Crelative_humidity_2m%2Cprecipitation%2Cwind_speed_10m%2Cweather_code&timezone=auto&forecast_days=3 (Caused by SSLError(SSLEOFError(8, '[SSL: UNEXPECTED_EOF_WHILE_READING] EOF occurred in violation of protocol (_ssl.c:1000)')))
2026-08-21 16:58:04,893 [INFO] Guangzhou：获取 0 条，新写入 0 条（重复的已自动跳过）
2026-08-21 16:58:04,893 [INFO] 开始抓取 Shenzhen 的天气数据...
2026-08-21 16:58:05,194 [WARNING] [Shenzhen] 第 1/3 次请求失败：HTTPSConnectionPool(host='api.open-meteo.com', port=443): Max retries exceeded with url: /v1/forecast?latitude=22.5431&longitude=114.0579&hourly=temperature_2m%2Crelative_humidity_2m%2Cprecipitation%2Cwind_speed_10m%2Cweather_code&timezone=auto&forecast_days=3 (Caused by SSLError(SSLEOFError(8, '[SSL: UNEXPECTED_EOF_WHILE_READING] EOF occurred in violation of protocol (_ssl.c:1000)')))
2026-08-21 16:58:06,608 [INFO] Shenzhen：获取 72 条，新写入 72 条（重复的已自动跳过）
2026-08-21 16:58:06,608 [INFO] 开始抓取 Chengdu 的天气数据...
2026-08-21 16:58:08,364 [INFO] Chengdu：获取 72 条，新写入 72 条（重复的已自动跳过）
2026-08-21 16:58:08,364 [INFO] 本轮完成。共获取 144 条，新增 144 条。
